point_ = [3](0.05,-0.72,-1.86)
Solver:
  Problem:
    Differentiable function
    Argument's bounds: (-inf, inf), (-inf, inf)
    Argument's scales: 1.00, 1.00
    
    Starting point: [2](0.00,0.00)
    Starting value: [1](4.90)
    Infinity value (for all functions): inf
  Parameters:
    
A solution has been found: 
Result: 
  Size (input, output): 2, 1
  X: [2](-1.50,-1.20)
  Value: [1](1.00)
  Constraints values: [0]()
  Lambda: [0]()
